../Core/Src/main.c:118:5:main	8	static
../Core/Src/main.c:214:6:SystemClock_Config	88	static
../Core/Src/main.c:261:13:MX_ADC1_Init	24	static
../Core/Src/main.c:322:13:MX_USART2_UART_Init	8	static
../Core/Src/main.c:353:13:MX_DMA_Init	16	static
../Core/Src/main.c:371:13:MX_GPIO_Init	48	static
../Core/Src/main.c:409:6:HAL_GPIO_EXTI_Callback	16	static
../Core/Src/main.c:438:6:StartDefaultTask	24	static
../Core/Src/main.c:478:6:StartTask02	24	static
../Core/Src/main.c:518:6:StartTask03	40	static
../Core/Src/main.c:550:6:StartTask04	32	static
../Core/Src/main.c:611:6:HAL_TIM_PeriodElapsedCallback	16	static
../Core/Src/main.c:628:6:Error_Handler	4	static,ignoring_inline_asm
